// Jest Snapshot v1, https://goo.gl/fbAQLP

exports[`matched snapshot 1`] = `
<div>
  <div>
    <h2>
      호박너구리
    </h2>
    <p>
      ESFJ
    </p>
  </div>
</div>
`;
